// Vitest Snapshot v1, https://vitest.dev/guide/snapshot.html

exports[`scoreShip > produces a stable category breakdown for a reference hand-built ship 1`] = `
{
  "categories": [
    {
      "detail": "5F/3A +DHC +Exp",
      "key": "weapons",
      "label": "Weapons",
      "points": 11.5,
      "weight": 1,
    },
    {
      "detail": "5T/3E/3S/2U",
      "key": "consoles",
      "label": "Consoles",
      "points": 13.6,
      "weight": 1,
    },
    {
      "detail": "Tac 4/Eng 5/Sci 2, 1 spec",
      "key": "boffAbilities",
      "label": "BOff abilities",
      "points": 5.3500000000000005,
      "weight": 0.5,
    },
    {
      "detail": "keyword: dmg 3, util 1",
      "key": "trait",
      "label": "Starship trait",
      "points": 4.6,
      "weight": 1,
    },
    {
      "detail": "1 bay",
      "key": "hangars",
      "label": "Hangars",
      "points": 2.2,
      "weight": 1,
    },
    {
      "detail": "cloak, flank 50%",
      "key": "misc",
      "label": "Misc features",
      "points": 3.5,
      "weight": 1,
    },
    {
      "detail": "2 auras",
      "key": "cruiserCommands",
      "label": "Cruiser commands",
      "points": 1,
      "weight": 0.5,
    },
    {
      "detail": "none",
      "key": "scienceFeatures",
      "label": "Science features",
      "points": 0,
      "weight": 1,
    },
    {
      "detail": "hull z0.00, shld z0.00, defMod z0.00",
      "key": "defense",
      "label": "Defense",
      "points": 0,
      "weight": 1,
    },
    {
      "detail": "turn z0.00, imp z0.00, inert z0.00",
      "key": "mobility",
      "label": "Mobility",
      "points": 0,
      "weight": 1,
    },
    {
      "detail": "w5/s5/e10/a0 (z0.00)",
      "key": "power",
      "label": "Power bonus",
      "points": 0,
      "weight": 1,
    },
  ],
  "total": 41.8,
}
`;
